[2026-04-08 04:33:15,853] [INFO] __main__: Starting data collection...
[2026-04-08 04:33:15,854] [INFO] __main__: Data collected successfully.
[2026-04-08 04:33:15,854] [ERROR] __main__: Pipeline error: 'DataSynchronizer' object has no attribute 'synchronize'
[2026-04-08 04:33:15,854] [INFO] __main__: Starting API server...
[2026-04-08 04:35:23,490] [INFO] __main__: Starting data collection...
[2026-04-08 04:35:23,490] [INFO] __main__: Data collected successfully.
[2026-04-08 04:35:23,491] [ERROR] __main__: Pipeline error: 'list' object has no attribute 'get'
[2026-04-08 04:35:23,491] [INFO] __main__: Starting API server...
[2026-04-08 04:58:56,250] [INFO] __main__: Starting data collection...
[2026-04-08 04:58:56,250] [INFO] __main__: Data collected successfully.
[2026-04-08 04:58:56,251] [ERROR] __main__: Pipeline error: 'DataStandardizer' object has no attribute 'standardize_data'
[2026-04-08 04:58:56,251] [INFO] __main__: Starting API server...
[2026-04-08 05:00:41,143] [INFO] __main__: Starting data collection...
[2026-04-08 05:00:41,143] [INFO] __main__: Data collected successfully.
[2026-04-08 05:00:41,144] [ERROR] __main__: Pipeline error: 'DataStandardizer' object has no attribute 'standardize_data'
[2026-04-08 05:00:41,144] [INFO] __main__: Starting API server...
[2026-04-08 05:03:08,814] [INFO] __main__: Starting data collection...
[2026-04-08 05:03:08,815] [INFO] __main__: Data collected successfully.
[2026-04-08 05:03:08,815] [ERROR] __main__: Pipeline error: 'ReliabilityScorer' object has no attribute 'compute'
[2026-04-08 05:03:08,815] [INFO] __main__: Starting API server...
[2026-04-08 05:05:10,717] [INFO] __main__: Starting data collection...
[2026-04-08 05:05:10,717] [INFO] __main__: Data collected successfully.
[2026-04-08 05:05:43,720] [INFO] __main__: Data processed successfully.
[2026-04-08 05:05:43,836] [INFO] __main__: Pipeline cycle completed successfully.
[2026-04-08 05:05:43,837] [INFO] __main__: Starting API server...
[2026-04-08 05:15:38,830] [INFO] __main__: Starting data collection...
[2026-04-08 05:15:38,830] [INFO] __main__: Data collected successfully.
[2026-04-08 05:16:11,789] [INFO] __main__: Data processed successfully.
[2026-04-08 05:16:11,953] [INFO] __main__: Pipeline cycle completed successfully.
[2026-04-08 05:16:11,953] [INFO] __main__: Starting API server...
[2026-04-08 05:19:09,689] [INFO] __main__: Starting data collection...
[2026-04-08 05:19:09,690] [INFO] __main__: Data collected successfully.
[2026-04-08 05:19:42,550] [INFO] __main__: Data processed successfully.
[2026-04-08 05:19:42,766] [INFO] __main__: Pipeline cycle completed successfully.
[2026-04-08 05:19:42,766] [INFO] __main__: Starting API server...
[2026-04-08 12:57:47,416] [INFO] __main__: Starting data collection...
[2026-04-08 12:57:47,416] [INFO] __main__: Data collected successfully.
[2026-04-08 12:58:20,243] [INFO] __main__: Data processed successfully.
[2026-04-08 12:58:20,510] [INFO] __main__: Pipeline cycle completed successfully.
[2026-04-08 12:58:20,510] [INFO] __main__: Starting API server...
[2026-04-08 13:08:34,331] [INFO] __main__: Starting data collection...
[2026-04-08 13:08:34,332] [INFO] __main__: Data collected successfully.
[2026-04-08 13:09:07,273] [INFO] __main__: Data processed successfully. Total records: 16
[2026-04-08 13:09:07,287] [INFO] __main__: Pipeline cycle completed successfully.
[2026-04-08 13:09:07,287] [INFO] __main__: Starting API server...
[2026-04-08 14:44:15,151] [INFO] __main__: Starting data collection...
[2026-04-08 14:44:15,152] [INFO] __main__: Data collected successfully.
[2026-04-08 14:44:48,167] [INFO] __main__: Data processed successfully. Total records: 16
[2026-04-08 14:44:48,173] [INFO] __main__: Pipeline cycle completed successfully.
[2026-04-08 14:44:48,175] [INFO] __main__: Starting API server...
[2026-04-08 15:30:58,414] [INFO] __main__: Starting data collection...
[2026-04-08 15:30:58,415] [INFO] __main__: Data collected successfully.
[2026-04-08 15:31:31,341] [INFO] __main__: Data processed successfully. Total records: 16
[2026-04-08 15:31:31,354] [INFO] __main__: Pipeline cycle completed successfully.
[2026-04-08 15:31:31,355] [INFO] __main__: Starting API server...
